[springcoiling.com/index0b9e.html]
[backblue.gif]
[fade.gif]
[index.html]
[springcoiling.com/template/default/images/aaaa/favicon.ico]
[springcoiling.com/template/default/css/bootstrap.css]
[springcoiling.com/template/default/css/font-awesome.css]
[springcoiling.com/template/default/css/owl.carousel.css]
[springcoiling.com/template/default/css/owl.theme.css]
[springcoiling.com/template/default/css/futuran-webfont.css]
[springcoiling.com/template/default/css/style.css]
[springcoiling.com/template/default/css/style-responsive.css]
[springcoiling.com/template/default/js/jquery-2.1.4.js]
[springcoiling.com/index.html]
[springcoiling.com/static/upload/image/20200918/1600406798548297.png]
[springcoiling.com/contactus.html]
[springcoiling.com/static/upload/image/20201023/1603441951364577.jpg]
[springcoiling.com/indexde41.html]
[springcoiling.com/static/upload/image/20200915/1600169343690332.jpg]
[springcoiling.com/index781b.html]
[springcoiling.com/static/upload/image/20200915/1600169156869292.jpg]
[springcoiling.com/static/upload/image/20200915/1600168931497037.jpg]
[springcoiling.com/index0781.html]
[springcoiling.com/static/upload/image/20200915/1600168639254267.jpg]
[springcoiling.com/indexfdd3.html]
[springcoiling.com/static/upload/image/20200915/1600168257793729.jpg]
[springcoiling.com/index55f0.html]
[springcoiling.com/static/upload/image/20200915/1600167663308286.jpg]
[springcoiling.com/index3430.html]
[springcoiling.com/index443d.html]
[springcoiling.com/static/upload/image/20200915/1600167403515588.jpg]
[springcoiling.com/indexdbe0.html]
[springcoiling.com/template/default/js/bootstrap.js]
[springcoiling.com/template/default/js/owl.carousel.js]
[springcoiling.com/template/default/js/navmain.js]
[springcoiling.com/index0b9e.html]
[springcoiling.com/template/default/fonts/glyphicons-halflings-regular.eot]
[springcoiling.com/template/default/fonts/glyphicons-halflings-regular_.eot]
[springcoiling.com/template/default/fonts/glyphicons-halflings-regular.woff2]
[springcoiling.com/template/default/fonts/glyphicons-halflings-regular.woff]
[springcoiling.com/template/default/fonts/glyphicons-halflings-regular.ttf]
[springcoiling.com/template/default/fonts/glyphicons-halflings-regular.svg]
[springcoiling.com/template/default/css/bootstrap.css]
[springcoiling.com/template/default/fonts/fontawesome-webfont_v=4.7.0.eot]
[springcoiling.com/template/default/fonts/fontawesome-webfont_.eot]
[springcoiling.com/template/default/fonts/fontawesome-webfont_v=4.7.0.woff2]
[springcoiling.com/template/default/fonts/fontawesome-webfont_v=4.7.0.woff]
[springcoiling.com/template/default/fonts/fontawesome-webfont_v=4.7.0.ttf]
[springcoiling.com/template/default/css/font-awesome.css]
[springcoiling.com/template/default/fonts/fontawesome-webfont_v=4.7.0.svg]
[springcoiling.com/template/default/css/owl.carousel.css]
[springcoiling.com/template/default/css/owl.theme.css]
[springcoiling.com/template/default/fonts/futuran-webfont.eot]
[springcoiling.com/template/default/fonts/futuran-webfont.woff2]
[springcoiling.com/template/default/fonts/futuran-webfont.woff]
[springcoiling.com/template/default/fonts/futuran-webfont.ttf]
[springcoiling.com/template/default/fonts/futuran-webfont.svg]
[springcoiling.com/template/default/css/futuran-webfont.css]
[springcoiling.com/template/default/images/aaaa/about007.jpg]
[springcoiling.com/template/default/images/aaaa/xhbjup.jpg]
[springcoiling.com/template/default/images/aaaa/xhbjdown.jpg]
[springcoiling.com/template/default/css/style.css]
[springcoiling.com/template/default/css/style-responsive.css]
[springcoiling.com/template/default/js/jquery-2.1.4.js]
[springcoiling.com/index.html]
[springcoiling.com/contactus.html]
[springcoiling.com/static/upload/image/20201023/1603440088438882.jpg]
[springcoiling.com/static/upload/image/20201023/1603440139153951.jpg]
[springcoiling.com/static/upload/image/20201023/1603440088933273.jpg]
[springcoiling.com/static/upload/image/20201023/1603441862320437.jpg]
[springcoiling.com/static/upload/image/20201023/1603441862152774.jpg]
[springcoiling.com/static/upload/image/20201023/1603441630126058.jpg]
[springcoiling.com/indexde41.html]
[springcoiling.com/static/upload/image/20200915/1600169354944935.jpg]
[springcoiling.com/static/upload/image/20200915/1600169361521576.jpg]
[springcoiling.com/static/upload/image/20200915/1600169315263533.jpg]
[springcoiling.com/static/upload/image/20200915/1600169320209354.jpg]
[springcoiling.com/index781b.html]
[springcoiling.com/static/upload/image/20200915/1600169164464513.jpg]
[springcoiling.com/static/upload/image/20200915/1600169171930890.jpg]
[springcoiling.com/index0781.html]
[springcoiling.com/static/upload/image/20200915/1600169171484154.jpg]
[springcoiling.com/static/upload/image/20200915/1600168942610050.jpg]
[springcoiling.com/static/upload/image/20200915/1600168942992552.jpg]
[springcoiling.com/static/upload/image/20200915/1600168942476480.jpg]
[springcoiling.com/static/upload/image/20200915/1600168909850721.jpg]
[springcoiling.com/static/upload/image/20200915/1600168909198674.jpg]
[springcoiling.com/static/upload/image/20200915/1600168909134474.jpg]
[springcoiling.com/static/upload/image/20200915/1600168909185744.jpg]
[springcoiling.com/static/upload/image/20200915/1600168909408999.jpg]
[springcoiling.com/indexfdd3.html]
[springcoiling.com/static/upload/image/20200915/1600168646466147.jpg]
[springcoiling.com/static/upload/image/20200915/1600168619137985.jpg]
[springcoiling.com/static/upload/image/20200915/1600168619395214.jpg]
[springcoiling.com/static/upload/image/20200915/1600168619168670.jpg]
[springcoiling.com/static/upload/image/20200915/1600168619148677.jpg]
[springcoiling.com/index55f0.html]
[springcoiling.com/static/upload/image/20200915/1600168619781858.png]
[springcoiling.com/static/upload/image/20200915/1600168267264751.jpg]
[springcoiling.com/static/upload/image/20200915/1600168267323321.jpg]
[springcoiling.com/static/upload/image/20200915/1600168267903795.jpg]
[springcoiling.com/index3430.html]
[springcoiling.com/static/upload/image/20200915/1600167671419308.jpg]
[springcoiling.com/static/upload/image/20200915/1600167671301114.jpg]
[springcoiling.com/static/upload/image/20200915/1600167671732472.jpg]
[springcoiling.com/static/upload/image/20200915/1600167625153036.jpg]
[springcoiling.com/index443d.html]
[springcoiling.com/static/upload/image/20200915/1600167416767242.jpg]
[springcoiling.com/static/upload/image/20200915/1600167425525676.jpg]
[springcoiling.com/static/upload/image/20200915/1600167432147144.jpg]
[springcoiling.com/static/upload/image/20200915/1600167438937069.jpg]
[springcoiling.com/static/upload/image/20200915/1600167446910675.jpg]
[springcoiling.com/static/upload/image/20200915/1600167332746678.jpg]
[springcoiling.com/static/upload/image/20200915/1600167332971701.jpg]
[springcoiling.com/static/upload/image/20200915/1600167333384920.jpg]
[springcoiling.com/static/upload/image/20200915/1600167333270508.jpg]
[springcoiling.com/indexdbe0.html]
[springcoiling.com/Popover requires tooltip.js]
[springcoiling.com/template/default/js/bootstrap.js]
[springcoiling.com/template/default/js/owl.carousel.js]
[springcoiling.com/template/default/js/navmain.js]
[springcoiling.com/template/default/fonts/glyphicons-halflings-regular.svg]
[springcoiling.com/template/default/fonts/fontawesome-webfont_v=4.7.0.svg]
[springcoiling.com/template/default/fonts/futuran-webfont.svg]
[springcoiling.com/Popover requires tooltip.html]
