[springcoiling.com/index.html]
[backblue.gif]
[fade.gif]
[index.html]
[springcoiling.com/template/default/images/aaaa/favicon.ico]
[springcoiling.com/template/default/css/bootstrap.css]
[springcoiling.com/template/default/css/font-awesome.css]
[springcoiling.com/template/default/css/owl.carousel.css]
[springcoiling.com/template/default/css/owl.theme.css]
[springcoiling.com/template/default/css/futuran-webfont.css]
[springcoiling.com/template/default/css/style.css]
[springcoiling.com/template/default/css/style-responsive.css]
[springcoiling.com/template/default/js/jquery-2.1.4.js]
[springcoiling.com/index-2.html]
[springcoiling.com/static/upload/image/20200918/1600406798548297.png]
[springcoiling.com/contactus.html]
[springcoiling.com/template/default/images/aaaa/bannerzy.jpg]
[springcoiling.com/template/default/images/midbar.png]
[springcoiling.com/indexdbe3.html]
[springcoiling.com/index668a.html]
[springcoiling.com/index93b1.html]
[springcoiling.com/indexe626.html]
[springcoiling.com/template/default/images/aaaa/industrial.jpg]
[springcoiling.com/template/default/images/aaaa/avanzada.jpg]
[springcoiling.com/index263b.html]
[springcoiling.com/template/default/images/aaaa/professional.jpg]
[springcoiling.com/template/default/images/aaaa/elegirnos.jpg]
[springcoiling.com/static/upload/image/20200918/1600416510377507.jpg]
[springcoiling.com/static/upload/other/20200922/1600766162318050.jpg]
[springcoiling.com/index3a9f.html]
[springcoiling.com/static/upload/image/20200922/1600769400498673.png]
[springcoiling.com/index2586.html]
[springcoiling.com/static/upload/image/20200918/1600416562336721.jpg]
[springcoiling.com/indexbea9.html]
[springcoiling.com/static/upload/image/20240715/1721025757599467.jpg]
[springcoiling.com/index0b9e.html]
[springcoiling.com/indexc5f0.html]
[springcoiling.com/index1ac3.html]
[springcoiling.com/static/upload/image/20240914/1726301940488559.jpg]
[springcoiling.com/static/upload/image/20240814/1723621013788267.png]
[springcoiling.com/static/images/nopic.png]
[springcoiling.com/static/upload/image/20231205/1701765635210454.jpg]
[springcoiling.com/indexd3e8.html]
[springcoiling.com/template/default/images/aaaa/panner1.jpg]
[springcoiling.com/template/default/images/aaaa/panner2.jpg]
[springcoiling.com/template/default/images/aaaa/panner3.jpg]
[springcoiling.com/template/default/images/aaaa/panner4.jpg]
[springcoiling.com/template/default/images/aaaa/panner5.jpg]
[springcoiling.com/template/default/images/aaaa/panner6.jpg]
[springcoiling.com/template/default/js/bootstrap.js]
[springcoiling.com/template/default/js/owl.carousel.js]
[springcoiling.com/indexd82c.html]
[springcoiling.com/template/default/js/navmain.js]
[springcoiling.com/index.html]
[springcoiling.com/template/default/fonts/glyphicons-halflings-regular.eot]
[springcoiling.com/template/default/fonts/glyphicons-halflings-regular_.eot]
[springcoiling.com/template/default/fonts/glyphicons-halflings-regular.woff2]
[springcoiling.com/template/default/fonts/glyphicons-halflings-regular.woff]
[springcoiling.com/template/default/fonts/glyphicons-halflings-regular.ttf]
[springcoiling.com/template/default/fonts/glyphicons-halflings-regular.svg]
[springcoiling.com/template/default/css/bootstrap.css]
[springcoiling.com/template/default/fonts/fontawesome-webfont_v=4.7.0.eot]
[springcoiling.com/template/default/fonts/fontawesome-webfont_.eot]
[springcoiling.com/template/default/fonts/fontawesome-webfont_v=4.7.0.woff2]
[springcoiling.com/template/default/fonts/fontawesome-webfont_v=4.7.0.woff]
[springcoiling.com/template/default/fonts/fontawesome-webfont_v=4.7.0.ttf]
[springcoiling.com/template/default/css/font-awesome.css]
[springcoiling.com/template/default/fonts/fontawesome-webfont_v=4.7.0.svg]
[springcoiling.com/template/default/css/owl.carousel.css]
[springcoiling.com/template/default/css/owl.theme.css]
[springcoiling.com/template/default/fonts/futuran-webfont.eot]
[springcoiling.com/template/default/fonts/futuran-webfont.woff2]
[springcoiling.com/template/default/fonts/futuran-webfont.woff]
[springcoiling.com/template/default/fonts/futuran-webfont.ttf]
[springcoiling.com/template/default/fonts/futuran-webfont.svg]
[springcoiling.com/template/default/css/futuran-webfont.css]
[springcoiling.com/template/default/images/aaaa/about007.jpg]
[springcoiling.com/template/default/images/aaaa/xhbjup.jpg]
[springcoiling.com/template/default/images/aaaa/xhbjdown.jpg]
[springcoiling.com/template/default/css/style.css]
[springcoiling.com/template/default/css/style-responsive.css]
[springcoiling.com/template/default/js/jquery-2.1.4.js]
[springcoiling.com/index-2.html]
[springcoiling.com/static/upload/image/20220310/1646907747530409.jpg]
[springcoiling.com/static/upload/image/20200915/1600151573371794.jpg]
[springcoiling.com/index4017.html]
[springcoiling.com/index2247.html]
[springcoiling.com/static/upload/image/20220310/1646907798195743.jpg]
[springcoiling.com/static/upload/image/20220315/1647340055846676.jpg]
[springcoiling.com/indexb492.html]
[springcoiling.com/static/upload/image/20220315/1647338524695569.jpg]
[springcoiling.com/index3e65.html]
[springcoiling.com/static/upload/image/20220315/1647339767796291.jpg]
[springcoiling.com/index0336.html]
[springcoiling.com/static/upload/image/20200924/1600918641100244.jpg]
[springcoiling.com/index25b7.html]
[springcoiling.com/index2444.html]
[springcoiling.com/static/upload/image/20200925/1601033518532142.jpg]
[springcoiling.com/static/upload/image/20201020/1603166148363471.jpg]
[springcoiling.com/indexe618.html]
[springcoiling.com/static/upload/image/20200915/1600149307703626.jpg]
[springcoiling.com/index54a1.html]
[springcoiling.com/static/upload/image/20200915/1600147119103507.jpg]
[springcoiling.com/indexba34.html]
[springcoiling.com/indexf09c.html]
[springcoiling.com/static/upload/image/20200915/1600146979926153.jpg]
[springcoiling.com/static/upload/image/20210312/1615532136765638.png]
[springcoiling.com/index4eb5.html]
[springcoiling.com/indexcaf2.html]
[springcoiling.com/index3e64.html]
[springcoiling.com/static/upload/image/20201008/1602151967589089.jpg]
[springcoiling.com/static/upload/image/20210312/1615531751912141.jpg]
[springcoiling.com/static/upload/image/20201023/1603441951364577.jpg]
[springcoiling.com/indexdef6.html]
[springcoiling.com/static/upload/image/20200915/1600169343690332.jpg]
[springcoiling.com/indexde41.html]
[springcoiling.com/static/upload/image/20200915/1600169156869292.jpg]
[springcoiling.com/index781b.html]
[springcoiling.com/static/upload/image/20200915/1600168931497037.jpg]
[springcoiling.com/index0781.html]
[springcoiling.com/static/upload/image/20200915/1600168639254267.jpg]
[springcoiling.com/indexfdd3.html]
[springcoiling.com/index55f0.html]
[springcoiling.com/static/upload/image/20200915/1600168257793729.jpg]
[springcoiling.com/index668a.html]
[springcoiling.com/index3430.html]
[springcoiling.com/index3280.html]
[springcoiling.com/indexbc52.html]
[springcoiling.com/template/default/images/aaaa/about01.jpg]
[springcoiling.com/template/default/images/aaaa/about02.jpg]
[springcoiling.com/indexc2d8.html]
[springcoiling.com/index2176.html]
[springcoiling.com/template/default/images/aaaa/about03.jpg]
[springcoiling.com/template/default/images/aaaa/about04.jpg]
[springcoiling.com/template/default/images/aaaa/about05.jpg]
[springcoiling.com/template/default/images/aaaa/abouti10.jpg]
[springcoiling.com/template/default/images/aaaa/about11.jpg]
[springcoiling.com/template/default/images/aaaa/about12.jpg]
[springcoiling.com/indexdbe3.html]
[springcoiling.com/index93b1.html]
[springcoiling.com/indexe626.html]
[springcoiling.com/indexf3ef.html]
[springcoiling.com/index2e13.html]
[springcoiling.com/core/code.png]
[springcoiling.com/index81a6.html]
[springcoiling.com/index886c.html]
[springcoiling.com/indexe5b0.html]
[springcoiling.com/core/coded41d.png]
[springcoiling.com/index29d7.html]
[springcoiling.com/index263b.html]
[springcoiling.com/index6ed4.html]
[springcoiling.com/indexae74.html]
[springcoiling.com/index3860.html]
[springcoiling.com/contactus.html]
[springcoiling.com/indexd06c.html]
[springcoiling.com/index3ab4.html]
[springcoiling.com/static/upload/image/20201013/1602569287889396.png]
[springcoiling.com/indexccc3.html]
[springcoiling.com/index3a9f.html]
[springcoiling.com/static/upload/image/20220310/1646907628811118.jpg]
[springcoiling.com/index51d3.html]
[springcoiling.com/index2586.html]
[springcoiling.com/indexd7b1.html]
[springcoiling.com/index3049.html]
[springcoiling.com/indexbea9.html]
[springcoiling.com/static/upload/image/20200915/1600167663308286.jpg]
[springcoiling.com/static/upload/image/20200915/1600167403515588.jpg]
[springcoiling.com/index443d.html]
[springcoiling.com/index0b9e.html]
[springcoiling.com/indexdbe0.html]
[springcoiling.com/static/upload/image/20240715/1721025787526607.jpg]
[springcoiling.com/index5c0c.html]
[springcoiling.com/indexc5f0.html]
[springcoiling.com/indexc191.html]
[springcoiling.com/indexc998.html]
[springcoiling.com/index7961.html]
[springcoiling.com/index1ac3.html]
[springcoiling.com/indexf439.html]
[springcoiling.com/index84b9.html]
[springcoiling.com/indexd9d5.html]
[springcoiling.com/index5cec.html]
[springcoiling.com/indexd3e8.html]
[springcoiling.com/indexd82c.html]
[springcoiling.com/static/upload/image/20231205/1701765460113001.jpg]
[springcoiling.com/Popover requires tooltip.js]
[springcoiling.com/template/default/js/bootstrap.js]
[springcoiling.com/template/default/js/owl.carousel.js]
[springcoiling.com/template/default/js/navmain.js]
[springcoiling.com/indexd3b5.html]
[springcoiling.com/template/default/fonts/glyphicons-halflings-regular.svg]
[springcoiling.com/template/default/fonts/fontawesome-webfont_v=4.7.0.svg]
[springcoiling.com/template/default/fonts/futuran-webfont.svg]
[springcoiling.com/index2d85.html]
[springcoiling.com/static/upload/image/20200915/1600151190756231.jpg]
[springcoiling.com/static/upload/image/20200915/1600151216719923.jpg]
[springcoiling.com/static/upload/image/20200915/1600151206527080.jpg]
[springcoiling.com/static/upload/image/20200915/1600151226352875.jpg]
[springcoiling.com/static/upload/video/20220317/1647513729158501.mp4]
[springcoiling.com/static/upload/image/20200915/1600151037135826.jpg]
[springcoiling.com/static/upload/image/20200915/1600151047147026.jpg]
[springcoiling.com/index4017.html]
[springcoiling.com/static/upload/image/20200915/1600151586808319.jpg]
[springcoiling.com/indexc0aa.html]
[springcoiling.com/static/upload/image/20200915/1600151586836932.jpg]
[springcoiling.com/static/upload/image/20200915/1600151587559688.jpg]
[springcoiling.com/static/upload/image/20200915/1600151550732722.jpg]
[springcoiling.com/index2247.html]
[springcoiling.com/static/upload/image/20200915/1600151441496645.jpg]
[springcoiling.com/index2348.html]
[springcoiling.com/static/upload/image/20200915/1600151464675459.jpg]
[springcoiling.com/static/upload/video/20220317/1647513555103865.mp4]
[springcoiling.com/static/upload/image/20200915/1600151386643451.jpg]
[springcoiling.com/static/upload/image/20200915/1600151391130974.jpg]
[springcoiling.com/indexb492.html]
[springcoiling.com/index7874.html]
[springcoiling.com/static/upload/image/20220315/1647340067888023.jpg]
[springcoiling.com/static/upload/image/20201019/1603100064481803.jpg]
[springcoiling.com/static/upload/image/20241031/1730363856342485.jpg]
[springcoiling.com/index3e65.html]
[springcoiling.com/static/upload/image/20220315/1647338533512973.jpg]
[springcoiling.com/indexaf01.html]
[springcoiling.com/static/upload/image/20210125/1611560819964447.jpg]
[springcoiling.com/static/upload/image/20210125/1611560819390636.jpg]
[springcoiling.com/static/upload/other/20210818/1629254968480570.jpg]
[springcoiling.com/static/upload/image/20220315/1647338560123091.jpg]
[springcoiling.com/static/upload/image/20200915/1600142120124450.jpg]
[springcoiling.com/static/upload/image/20200915/1600142145126218.jpg]
[springcoiling.com/index0336.html]
[springcoiling.com/index4e8d.html]
[springcoiling.com/static/upload/image/20200915/1600150801752809.jpg]
[springcoiling.com/static/upload/image/20220315/1647339780893715.jpg]
[springcoiling.com/static/upload/image/20220315/1647339752232246.jpg]
[springcoiling.com/static/upload/image/20200915/1600150750175159.jpg]
[springcoiling.com/index25b7.html]
[springcoiling.com/static/upload/image/20200924/1600918652426957.jpg]
[springcoiling.com/index8077.html]
[springcoiling.com/index2444.html]
[springcoiling.com/static/upload/image/20200924/1600918633150227.jpg]
[springcoiling.com/static/upload/image/20200925/1601033532538723.jpg]
[springcoiling.com/index187b.html]
[springcoiling.com/static/upload/image/20200925/1601033561132767.jpg]
[springcoiling.com/indexe618.html]
[springcoiling.com/static/upload/image/20201020/1603166159544092.jpg]
[springcoiling.com/indexc18f.html]
[springcoiling.com/static/upload/image/20201020/1603166169822025.jpg]
[springcoiling.com/static/upload/image/20201020/1603166178273949.jpg]
[springcoiling.com/static/upload/image/20201020/1603166429319495.jpg]
[springcoiling.com/index54a1.html]
[springcoiling.com/static/upload/image/20200915/1600149314311960.jpg]
[springcoiling.com/indexfb0b.html]
[springcoiling.com/static/upload/image/20200915/1600149226819925.jpg]
[springcoiling.com/indexba34.html]
[springcoiling.com/static/upload/image/20200915/1600147127847134.jpg]
[springcoiling.com/indexf09c.html]
[springcoiling.com/indexed0b.html]
[springcoiling.com/index0ea5.html]
[springcoiling.com/static/upload/image/20200915/1600146987458303.jpg]
[springcoiling.com/static/upload/image/20200915/1600146992753715.jpg]
[springcoiling.com/static/upload/video/20220317/1647510742130489.mp4]
[springcoiling.com/indexcaf2.html]
[springcoiling.com/index5014.html]
[springcoiling.com/static/upload/image/20210312/1615532151797196.png]
[springcoiling.com/index4eb5.html]
[springcoiling.com/static/upload/image/20210309/1615286291159317.png]
[springcoiling.com/static/upload/image/20201009/1602210743140810.jpg]
[springcoiling.com/index3e64.html]
[springcoiling.com/indexa427.html]
[springcoiling.com/static/upload/image/20200915/1600150135372578.jpg]
[springcoiling.com/index1b3c.html]
[springcoiling.com/static/upload/image/20210312/1615531760440960.jpg]
[springcoiling.com/indexdef6.html]
[springcoiling.com/static/upload/image/20201023/1603440088438882.jpg]
[springcoiling.com/index27c4.html]
[springcoiling.com/static/upload/image/20201023/1603440139153951.jpg]
[springcoiling.com/static/upload/image/20201023/1603440088933273.jpg]
[springcoiling.com/static/upload/image/20201023/1603441862320437.jpg]
[springcoiling.com/static/upload/image/20201023/1603441862152774.jpg]
[springcoiling.com/static/upload/image/20201023/1603441630126058.jpg]
[springcoiling.com/indexde41.html]
[springcoiling.com/index5c82.html]
[springcoiling.com/static/upload/image/20200915/1600169354944935.jpg]
[springcoiling.com/static/upload/image/20200915/1600169361521576.jpg]
[springcoiling.com/static/upload/image/20200915/1600169315263533.jpg]
[springcoiling.com/static/upload/image/20200915/1600169320209354.jpg]
[springcoiling.com/index781b.html]
[springcoiling.com/static/upload/image/20200915/1600169164464513.jpg]
[springcoiling.com/index9e31.html]
[springcoiling.com/static/upload/image/20200915/1600169171930890.jpg]
[springcoiling.com/static/upload/image/20200915/1600169171484154.jpg]
[springcoiling.com/index0781.html]
[springcoiling.com/static/upload/image/20200915/1600168942610050.jpg]
[springcoiling.com/index5810.html]
[springcoiling.com/static/upload/image/20200915/1600168942992552.jpg]
[springcoiling.com/static/upload/image/20200915/1600168942476480.jpg]
[springcoiling.com/static/upload/image/20200915/1600168909850721.jpg]
[springcoiling.com/static/upload/image/20200915/1600168909198674.jpg]
[springcoiling.com/static/upload/image/20200915/1600168909134474.jpg]
[springcoiling.com/static/upload/image/20200915/1600168909185744.jpg]
[springcoiling.com/static/upload/image/20200915/1600168909408999.jpg]
[springcoiling.com/indexfdd3.html]
[springcoiling.com/indexf58a.html]
[springcoiling.com/static/upload/image/20200915/1600168646466147.jpg]
[springcoiling.com/static/upload/image/20200915/1600168619137985.jpg]
[springcoiling.com/static/upload/image/20200915/1600168619395214.jpg]
[springcoiling.com/static/upload/image/20200915/1600168619168670.jpg]
[springcoiling.com/static/upload/image/20200915/1600168619148677.jpg]
[springcoiling.com/index55f0.html]
[springcoiling.com/static/upload/image/20200915/1600168619781858.png]
[springcoiling.com/index3e94.html]
[springcoiling.com/static/upload/image/20200915/1600168267264751.jpg]
[springcoiling.com/static/upload/image/20200915/1600168267323321.jpg]
[springcoiling.com/static/upload/image/20200915/1600168267903795.jpg]
[springcoiling.com/index3430.html]
[springcoiling.com/index00ab.html]
[springcoiling.com/index3280.html]
[springcoiling.com/indexe640.html]
[springcoiling.com/static/upload/image/20220926/1664167891579149.png]
[springcoiling.com/static/upload/image/20220926/1664167793796702.png]
[springcoiling.com/index9e75.html]
[springcoiling.com/static/upload/image/20220926/1664167749671747.png]
[springcoiling.com/static/upload/image/20220926/1664167464732233.png]
[springcoiling.com/static/upload/image/20220926/1664167572618030.png]
[springcoiling.com/static/upload/image/20220926/1664168004520540.png]
[springcoiling.com/static/upload/image/20220926/1664169283515971.png]
[springcoiling.com/static/upload/image/20220926/1664169232674664.png]
[springcoiling.com/static/upload/image/20220926/1664169530896626.png]
[springcoiling.com/static/upload/image/20220926/1664169698101389.jpg]
[springcoiling.com/static/upload/image/20220926/1664169682819447.jpg]
[springcoiling.com/static/upload/image/20220926/1664169651510078.jpg]
[springcoiling.com/indexbc52.html]
[springcoiling.com/index3072.html]
[springcoiling.com/template/default/images/ros1.png]
[springcoiling.com/indexdce4.html]
[springcoiling.com/template/default/images/ros2.png]
[springcoiling.com/template/default/images/ros3.png]
[springcoiling.com/template/default/images/ros4.png]
[springcoiling.com/indexc2d8.html]
[springcoiling.com/index2176.html]
[springcoiling.com/indexd25d.html]
[springcoiling.com/indexf3ef.html]
[springcoiling.com/index6157.html]
[springcoiling.com/index2e13.html]
[springcoiling.com/index93db.html]
[springcoiling.com/index5e18.html]
[springcoiling.com/index5600.html]
[springcoiling.com/static/upload/image/20201103/1604394977137406.png]
[springcoiling.com/static/upload/image/20200916/1600220557865495.jpg]
[springcoiling.com/index81a6.html]
[springcoiling.com/indexe2ee.html]
[springcoiling.com/index6cec.html]
[springcoiling.com/static/upload/image/20230206/1675677741256673.jpg]
[springcoiling.com/static/upload/image/20220105/1641372843380230.jpg]
[springcoiling.com/static/upload/image/20220105/1641373099155378.jpg]
[springcoiling.com/index72b9.html]
[springcoiling.com/indexe5b0.html]
[springcoiling.com/indexc2ed.html]
[springcoiling.com/index2049.html]
[springcoiling.com/indexb56a.html]
[springcoiling.com/static/upload/other/20220701/1656658081885865.jpg]
[springcoiling.com/static/upload/image/20220517/1652768300497155.jpg]
[springcoiling.com/static/upload/image/20211213/1639381236756526.jpg]
[springcoiling.com/index69ad.html]
[springcoiling.com/index886c.html]
[springcoiling.com/index9ef1.html]
[springcoiling.com/index126f.html]
[springcoiling.com/indexebca.html]
[springcoiling.com/index29d7.html]
[springcoiling.com/index5f7d.html]
[springcoiling.com/index936c.html]
[springcoiling.com/static/upload/image/20210612/1623482243790214.jpg]
[springcoiling.com/static/upload/image/20210508/1620469658503324.jpg]
[springcoiling.com/index73c0.html]
[springcoiling.com/index1e80.html]
[springcoiling.com/static/upload/image/20210414/1618397677613187.jpg]
[springcoiling.com/index6135.html]
[springcoiling.com/static/upload/image/20210324/1616578797727082.jpg]
[springcoiling.com/index3860.html]
[springcoiling.com/index2620.html]
[springcoiling.com/index3bcc.html]
[springcoiling.com/static/upload/image/20210324/1616573924447737.jpg]
[springcoiling.com/static/upload/image/20210311/1615460712227509.png]
[springcoiling.com/static/upload/image/20201221/1608543715861266.jpg]
[springcoiling.com/index0e57.html]
[springcoiling.com/indexb79a.html]
[springcoiling.com/static/upload/image/20201007/1602064466755020.jpg]
[springcoiling.com/index6ed4.html]
[springcoiling.com/index8b9b.html]
[springcoiling.com/static/upload/image/20200916/1600233487382770.jpg]
[springcoiling.com/indexe01c.html]
[springcoiling.com/static/upload/image/20200916/1600233299264586.jpg]
[springcoiling.com/index319e.html]
[springcoiling.com/static/upload/image/20201007/1602037895319227.jpg]
[springcoiling.com/indexc9be.html]
[springcoiling.com/static/upload/image/20200916/1600232940153186.jpg]
[springcoiling.com/index415f.html]
[springcoiling.com/indexf9e6.html]
[springcoiling.com/index75ca.html]
[springcoiling.com/static/upload/image/20200916/1600232780684814.jpg]
[springcoiling.com/indexae74.html]
[springcoiling.com/index468a.html]
[springcoiling.com/indexd06c.html]
[springcoiling.com/indexaf37.html]
[springcoiling.com/index3ab4.html]
[springcoiling.com/static/upload/image/20200915/1600144459215369.jpg]
[springcoiling.com/index42b2.html]
[springcoiling.com/static/upload/image/20201013/1602569311100536.png]
[springcoiling.com/static/upload/video/20220317/1647511943539185.mp4]
[springcoiling.com/static/upload/image/20201013/1602569239332683.png]
[springcoiling.com/indexccc3.html]
[springcoiling.com/indexa652.html]
[springcoiling.com/static/upload/image/20200915/1600144746719361.jpg]
[springcoiling.com/static/upload/image/20220310/1646907639987569.jpg]
[springcoiling.com/static/upload/video/20220317/1647512671666976.mp4]
[springcoiling.com/static/upload/image/20220310/1646907545118101.jpg]
[springcoiling.com/static/upload/image/20200915/1600144656156871.jpg]
[springcoiling.com/index51d3.html]
[springcoiling.com/index63d7.html]
[springcoiling.com/static/upload/image/20210816/1629107549943693.jpg]
[springcoiling.com/index68ac.html]
[springcoiling.com/static/upload/image/20220315/1647337910782100.jpg]
[springcoiling.com/indexf419.html]
[springcoiling.com/static/upload/image/20200915/1600145828492266.jpg]
[springcoiling.com/static/upload/image/20210816/1629104534136599.jpg]
[springcoiling.com/indexf125.html]
[springcoiling.com/static/upload/other/20210201/1612151927521773.jpg]
[springcoiling.com/index8038.html]
[springcoiling.com/static/upload/image/20200915/1600150596281636.jpg]
[springcoiling.com/index883a.html]
[springcoiling.com/static/upload/image/20200915/1600142468187759.jpg]
[springcoiling.com/index52ca.html]
[springcoiling.com/static/upload/image/20200915/1600144022918879.jpg]
[springcoiling.com/index664a.html]
[springcoiling.com/indexd7b1.html]
[springcoiling.com/static/upload/image/20200915/1600149910902168.jpg]
[springcoiling.com/index210d.html]
[springcoiling.com/static/upload/image/20200915/1600146150196485.jpg]
[springcoiling.com/index3816.html]
[springcoiling.com/static/upload/image/20200915/1600146467647988.jpg]
[springcoiling.com/indexdeb1.html]
[springcoiling.com/static/upload/image/20200915/1600146636104697.png]
[springcoiling.com/index0105.html]
[springcoiling.com/index98b0.html]
[springcoiling.com/static/upload/image/20241104/1730704974370876.jpg]
[springcoiling.com/index3049.html]
[springcoiling.com/index9e77.html]
[springcoiling.com/index746a.html]
[springcoiling.com/index9b62.html]
[springcoiling.com/static/upload/image/20200915/1600167671419308.jpg]
[springcoiling.com/index4867.html]
[springcoiling.com/static/upload/image/20200915/1600167671301114.jpg]
[springcoiling.com/static/upload/image/20200915/1600167671732472.jpg]
[springcoiling.com/static/upload/image/20200915/1600167625153036.jpg]
[springcoiling.com/index443d.html]
[springcoiling.com/static/upload/image/20200915/1600167416767242.jpg]
[springcoiling.com/index03e9.html]
[springcoiling.com/static/upload/image/20200915/1600167425525676.jpg]
[springcoiling.com/static/upload/image/20200915/1600167432147144.jpg]
[springcoiling.com/static/upload/image/20200915/1600167438937069.jpg]
[springcoiling.com/static/upload/image/20200915/1600167446910675.jpg]
[springcoiling.com/static/upload/image/20200915/1600167332746678.jpg]
[springcoiling.com/static/upload/image/20200915/1600167332971701.jpg]
[springcoiling.com/static/upload/image/20200915/1600167333384920.jpg]
[springcoiling.com/static/upload/image/20200915/1600167333270508.jpg]
[springcoiling.com/indexdbe0.html]
[springcoiling.com/index7395.html]
[springcoiling.com/index8681.html]
[springcoiling.com/static/upload/image/20200915/1600166890771256.jpg]
[springcoiling.com/static/upload/image/20200915/1600166648586690.jpg]
[springcoiling.com/index278b.html]
[springcoiling.com/static/upload/image/20200915/1600166274284800.jpg]
[springcoiling.com/indexe2b9.html]
[springcoiling.com/static/upload/image/20200915/1600165496187824.jpg]
[springcoiling.com/static/upload/image/20200915/1600165124384036.jpg]
[springcoiling.com/indexe4ac.html]
[springcoiling.com/indexccfa.html]
[springcoiling.com/static/upload/image/20200915/1600164601602693.jpg]
[springcoiling.com/static/upload/image/20200915/1600164184831161.jpg]
[springcoiling.com/index0de4.html]
[springcoiling.com/static/upload/image/20200915/1600163487288712.png]
[springcoiling.com/index6b87.html]
[springcoiling.com/index5c0c.html]
[springcoiling.com/index2d7e.html]
[springcoiling.com/index43ca.html]
[springcoiling.com/static/upload/image/20200915/1600162901692281.png]
[springcoiling.com/static/upload/image/20200915/1600162422543570.jpg]
[springcoiling.com/static/upload/image/20200915/1600162233731049.png]
[springcoiling.com/indexdfe4.html]
[springcoiling.com/static/upload/image/20200915/1600161969429275.png]
[springcoiling.com/index5e43.html]
[springcoiling.com/static/upload/image/20200915/1600161515246223.png]
[springcoiling.com/indexe25a.html]
[springcoiling.com/indexb732.html]
[springcoiling.com/static/upload/image/20200915/1600160663859590.jpg]
[springcoiling.com/index0907.html]
[springcoiling.com/static/upload/image/20200915/1600160136777859.png]
[springcoiling.com/static/upload/image/20200915/1600159799972063.jpg]
[springcoiling.com/index901c.html]
[springcoiling.com/indexc998.html]
[springcoiling.com/static/upload/image/20200915/1600159567411041.jpg]
[springcoiling.com/index55bc.html]
[springcoiling.com/static/upload/image/20200915/1600159279752711.jpg]
[springcoiling.com/index76ec.html]
[springcoiling.com/static/upload/image/20200915/1600158918910994.jpg]
[springcoiling.com/index2055.html]
[springcoiling.com/index617a.html]
[springcoiling.com/static/upload/image/20200915/1600158727531953.jpg]
[springcoiling.com/indexe71b.html]
[springcoiling.com/static/upload/image/20200915/1600158343407017.jpg]
[springcoiling.com/static/upload/image/20200915/1600158022960009.jpg]
[springcoiling.com/index1264.html]
[springcoiling.com/static/upload/image/20200915/1600157161316093.jpg]
[springcoiling.com/index0b34.html]
[springcoiling.com/static/upload/image/20200915/1600156857137253.jpg]
[springcoiling.com/indexc191.html]
[springcoiling.com/index6eb3.html]
[springcoiling.com/indexdfe8.html]
[springcoiling.com/index5cb9.html]
[springcoiling.com/static/upload/image/20200915/1600156466488739.jpg]
[springcoiling.com/static/upload/image/20200915/1600156194358884.jpg]
[springcoiling.com/static/upload/image/20200915/1600155993689285.jpg]
[springcoiling.com/indexb275.html]
[springcoiling.com/index3b7d.html]
[springcoiling.com/static/upload/image/20200915/1600155639124575.jpg]
[springcoiling.com/index7961.html]
[springcoiling.com/index73c2.html]
[springcoiling.com/index3bfc.html]
[springcoiling.com/indexf439.html]
[springcoiling.com/index51f5.html]
[springcoiling.com/index5cec.html]
[springcoiling.com/indexe447.html]
[springcoiling.com/index84b9.html]
[springcoiling.com/indexd9d5.html]
[springcoiling.com/spring-coiling-machine/CSM-6100CNC-Compression-Spring-Coiling-Machine.html]
[springcoiling.com/index13c9.html]
[springcoiling.com/index2d85.html]
[springcoiling.com/Popover requires tooltip.html]
[springcoiling.com/indexacd4.html]
[springcoiling.com/indexc0aa.html]
[springcoiling.com/index1a5f.html]
[springcoiling.com/index2348.html]
[springcoiling.com/indexe1f1.html]
[springcoiling.com/index7874.html]
[springcoiling.com/index18da.html]
[springcoiling.com/indexaf01.html]
[springcoiling.com/index93cc.html]
[springcoiling.com/index4e8d.html]
[springcoiling.com/index9e63.html]
[springcoiling.com/index8077.html]
[springcoiling.com/index85e9.html]
[springcoiling.com/index187b.html]
[springcoiling.com/index7285.html]
[springcoiling.com/indexc18f.html]
[springcoiling.com/index9e48.html]
[springcoiling.com/indexfb0b.html]
[springcoiling.com/indexbf7f.html]
[springcoiling.com/indexed0b.html]
[springcoiling.com/index4fad.html]
[springcoiling.com/index0ea5.html]
[springcoiling.com/index6547.html]
[springcoiling.com/index5014.html]
[springcoiling.com/indexc6e7.html]
[springcoiling.com/indexa427.html]
[springcoiling.com/index9ea9.html]
[springcoiling.com/index1b3c.html]
[springcoiling.com/indexfad4.html]
[springcoiling.com/index27c4.html]
[springcoiling.com/index7a16.html]
[springcoiling.com/index5c82.html]
[springcoiling.com/index1caa.html]
[springcoiling.com/index9e31.html]
[springcoiling.com/indexd5ae.html]
[springcoiling.com/index5810.html]
[springcoiling.com/index83b5.html]
[springcoiling.com/indexf58a.html]
[springcoiling.com/index1b25.html]
[springcoiling.com/index3e94.html]
[springcoiling.com/indexb043.html]
[springcoiling.com/indexe640.html]
[springcoiling.com/index6331.html]
[springcoiling.com/index9e75.html]
[springcoiling.com/index1252.html]
[springcoiling.com/index6e29.html]
[springcoiling.com/static/upload/image/20220926/1664171293798683.png]
[springcoiling.com/static/upload/image/20220927/1664240021214814.png]
[springcoiling.com/static/upload/image/20220927/1664239943482603.png]
[springcoiling.com/static/upload/image/20220927/1664239906579249.png]
[springcoiling.com/static/upload/image/20220927/1664239797297219.png]
[springcoiling.com/static/upload/image/20220927/1664239686905879.png]
[springcoiling.com/static/upload/image/20220927/1664239636499846.png]
[springcoiling.com/static/upload/image/20220927/1664239591151521.png]
[springcoiling.com/static/upload/image/20220927/1664239528401824.png]
[springcoiling.com/static/upload/image/20220927/1664239436905186.png]
[springcoiling.com/static/upload/image/20220926/1664168682721894.jpg]
[springcoiling.com/static/upload/image/20220926/1664168640504661.jpg]
[springcoiling.com/index3072.html]
[springcoiling.com/static/upload/image/20220926/1664168791508094.jpg]
[springcoiling.com/static/upload/image/20220926/1664168730865908.jpg]
[springcoiling.com/static/upload/image/20220926/1664168704787821.jpg]
[springcoiling.com/static/upload/image/20220926/1664168667385191.jpg]
[springcoiling.com/static/upload/image/20220926/1664168561469958.jpg]
[springcoiling.com/indexdce4.html]
[springcoiling.com/indexe6b3.html]
[springcoiling.com/index469b.html]
[springcoiling.com/index93db.html]
[springcoiling.com/index458d.html]
[springcoiling.com/index5e18.html]
[springcoiling.com/static/upload/image/20201103/1604394310173125.jpg]
[springcoiling.com/index5600.html]
[springcoiling.com/static/upload/image/20200916/1600220578130937.jpg]
[springcoiling.com/indexe2ee.html]
[springcoiling.com/index2715.html]
[springcoiling.com/index6cec.html]
[springcoiling.com/indexdc9a.html]
[springcoiling.com/index8003.html]
[springcoiling.com/static/upload/image/20220105/1641372990161636.jpg]
[springcoiling.com/index72b9.html]
[springcoiling.com/index2049.html]
[springcoiling.com/indexa751.html]
[springcoiling.com/index97a8.html]
[springcoiling.com/indexc854.html]
[springcoiling.com/static/upload/image/20200916/1600230353908584.jpg]
[springcoiling.com/index2126.html]
[springcoiling.com/static/upload/other/20200916/1600220381675650.jpg]
[springcoiling.com/static/upload/image/20200916/1600219727580495.jpg]
[springcoiling.com/index0230.html]
[springcoiling.com/static/upload/image/20200916/1600219406157998.jpg]
[springcoiling.com/indexc66b.html]
[springcoiling.com/indexc2ed.html]
[springcoiling.com/indexf07f.html]
[springcoiling.com/index7d8e.html]
[springcoiling.com/indexb56a.html]
[springcoiling.com/index69ad.html]
[springcoiling.com/static/upload/image/20220701/1656657937772138.jpg]
[springcoiling.com/indexebca.html]
[springcoiling.com/index7fc7.html]
[springcoiling.com/index9ef1.html]
[springcoiling.com/index5f7d.html]
[springcoiling.com/indexe364.html]
[springcoiling.com/indexd3a8.html]
[springcoiling.com/index66fe.html]
[springcoiling.com/static/upload/image/20200916/1600232621781740.jpg]
[springcoiling.com/static/upload/image/20200916/1600232441288978.jpg]
[springcoiling.com/index126f.html]
[springcoiling.com/index3553.html]
[springcoiling.com/index52cd.html]
[springcoiling.com/static/upload/image/20200916/1600232282166955.jpg]
[springcoiling.com/static/upload/image/20200916/1600232149746286.jpg]
[springcoiling.com/index4a76.html]
[springcoiling.com/static/upload/image/20200916/1600231992155035.jpg]
[springcoiling.com/static/upload/image/20200916/1600231822444789.jpg]
[springcoiling.com/index95b6.html]
[springcoiling.com/indexff55.html]
[springcoiling.com/static/upload/image/20200916/1600231620144849.jpg]
[springcoiling.com/indexf175.html]
[springcoiling.com/index936c.html]
[springcoiling.com/index5555.html]
[springcoiling.com/indexd9c3.html]
[springcoiling.com/index40cd.html]
[springcoiling.com/indexd407.html]
[springcoiling.com/index73c0.html]
[springcoiling.com/static/upload/image/20210508/1620469170708815.png]
[springcoiling.com/indexe1c0.html]
[springcoiling.com/static/upload/image/20210508/1620469370626559.png]
[springcoiling.com/index1e80.html]
[springcoiling.com/index4e3d.html]
[springcoiling.com/static/upload/image/20210414/1618397041171901.png]
[springcoiling.com/index6135.html]
[springcoiling.com/index708c.html]
[springcoiling.com/static/upload/image/20210324/1616578783173059.jpg]
[springcoiling.com/index2620.html]
[springcoiling.com/indexc2d1.html]
[springcoiling.com/index3bcc.html]
[springcoiling.com/index32d0.html]
[springcoiling.com/spring-coiling-machine.html]
[springcoiling.com/Spring-treatment-equiments/Continuoustemperingfurnace.html]
[springcoiling.com/Spring-treatment-equiments/136.html]
[springcoiling.com/indexe23d.html]
[springcoiling.com/static/upload/image/20210311/1615460657277669.png]
[springcoiling.com/index0e57.html]
[springcoiling.com/indexb79a.html]
[springcoiling.com/index44b3.html]
[springcoiling.com/static/upload/image/20201007/1602064642159528.jpg]
[springcoiling.com/index8b9b.html]
[springcoiling.com/indexe01c.html]
[springcoiling.com/indexfb39.html]
[springcoiling.com/index3b93.html]
[springcoiling.com/indexffbd.html]
[springcoiling.com/index4f89.html]
[springcoiling.com/product/CSM-6100CNC_Compression_Spring_Coiling_Machine.13f.delayed]
[springcoiling.com/product/CSM-5120MCNC_compression_mold_Spring_coiling_Machine.html]
[springcoiling.com/product/CSM-5100CNC_compression_Spring_coiling_Machine.html]
[springcoiling.com/index319e.html]
[springcoiling.com/index3f56.html]
[springcoiling.com/static/upload/image/20200916/1600233235445436.jpg]
[springcoiling.com/indexc9be.html]
[springcoiling.com/static/upload/image/20200916/1600233244392785.jpg]
[springcoiling.com/index415f.html]
[springcoiling.com/indexf9e6.html]
[springcoiling.com/index75ca.html]
[springcoiling.com/index8d2f.html]
[springcoiling.com/index06ff.html]
[springcoiling.com/static/upload/image/20200916/1600231402986339.jpg]
[springcoiling.com/static/upload/image/20200916/1600231088136745.jpg]
[springcoiling.com/index4e2e.html]
[springcoiling.com/static/upload/image/20200916/1600230938725739.jpg]
[springcoiling.com/index42b2.html]
[springcoiling.com/index596a.html]
[springcoiling.com/indexe290.html]
[springcoiling.com/index0b29.html]
[springcoiling.com/indexff60.html]
[springcoiling.com/index50e6.html]
[springcoiling.com/indexa652.html]
[springcoiling.com/index8871.html]
[springcoiling.com/index63d7.html]
[springcoiling.com/index58b1.html]
[springcoiling.com/indexe9eb.html]
[springcoiling.com/static/upload/image/20201013/1602561386981465.jpg]
[springcoiling.com/static/upload/image/20201013/1602571374664519.jpg]
[springcoiling.com/static/upload/image/20200915/1600145088832638.jpg]
[springcoiling.com/static/upload/image/20210816/1629107528107121.jpg]
[springcoiling.com/index68ac.html]
[springcoiling.com/index1b7a.html]
[springcoiling.com/static/upload/image/20200915/1600145524416242.jpg]
[springcoiling.com/static/upload/image/20220315/1647337920775040.jpg]
[springcoiling.com/static/upload/image/20220315/1647337902148075.jpg]
[springcoiling.com/static/upload/image/20200915/1600145444726089.jpg]
[springcoiling.com/indexf419.html]
[springcoiling.com/static/upload/image/20200915/1600145879353561.jpg]
[springcoiling.com/index8c69.html]
[springcoiling.com/static/upload/image/20200915/1600145879462106.jpg]
[springcoiling.com/static/upload/image/20200915/1600145920154197.jpg]
[springcoiling.com/static/upload/image/20200915/1600145767141302.jpg]
[springcoiling.com/index8038.html]
[springcoiling.com/indexe3d2.html]
[springcoiling.com/static/upload/image/20210816/1629104558535229.jpg]
[springcoiling.com/indexf125.html]
[springcoiling.com/static/upload/image/20210816/1629104645275681.jpg]
[springcoiling.com/index6be7.html]
[springcoiling.com/static/upload/other/20210201/1612151933609681.jpg]
[springcoiling.com/static/upload/image/20210201/1612149938177964.jpg]
[springcoiling.com/index883a.html]
[springcoiling.com/index856b.html]
[springcoiling.com/static/upload/image/20200915/1600150604291269.jpg]
[springcoiling.com/static/upload/image/20200915/1600150611365434.jpg]
[springcoiling.com/static/upload/image/20200915/1600150550172005.jpg]
[springcoiling.com/static/upload/image/20200915/1600150554145923.jpg]
[springcoiling.com/index52ca.html]
[springcoiling.com/index3cff.html]
[springcoiling.com/static/upload/image/20200915/1600142653682664.jpg]
[springcoiling.com/static/upload/video/20220317/1647510446163152.mp4]
[springcoiling.com/static/upload/image/20200915/1600142444135116.jpg]
[springcoiling.com/index664a.html]
[springcoiling.com/static/upload/image/20200915/1600142447213659.jpg]
[springcoiling.com/static/upload/image/20200915/1600144091397938.jpg]
[springcoiling.com/indexbd9d.html]
[springcoiling.com/static/upload/image/20200915/1600144133322958.jpg]
[springcoiling.com/index210d.html]
[springcoiling.com/index01e4.html]
[springcoiling.com/indexc766.html]
[springcoiling.com/static/upload/image/20200915/1600149917538981.jpg]
[springcoiling.com/index3816.html]
[springcoiling.com/indexbc6b.html]
[springcoiling.com/static/upload/image/20200915/1600146168249468.jpg]
[springcoiling.com/static/upload/image/20200915/1600146168717211.jpg]
[springcoiling.com/static/upload/image/20200915/1600146077156342.jpg]
[springcoiling.com/static/upload/image/20200915/1600146100212608.jpg]
[springcoiling.com/indexdeb1.html]
[springcoiling.com/index16f2.html]
[springcoiling.com/static/upload/image/20200915/1600146476157319.jpg]
[springcoiling.com/index0105.html]
[springcoiling.com/static/upload/image/20200915/1600146486562941.jpg]
[springcoiling.com/index1aa8.html]
[springcoiling.com/static/upload/image/20200915/1600146780571513.jpg]
[springcoiling.com/static/upload/image/20200915/1600146789837664.jpg]
[springcoiling.com/index98b0.html]
[springcoiling.com/index4c70.html]
[springcoiling.com/static/upload/image/20241104/1730705642850682.jpg]
[springcoiling.com/static/upload/video/20241104/1730704823714593.mp4]
[springcoiling.com/static/upload/image/20241104/1730703170434461.jpg]
[springcoiling.com/index4867.html]
[springcoiling.com/static/upload/image/20241104/1730704206119944.jpg]
[springcoiling.com/index6e49.html]
[springcoiling.com/index39d2.html]
[springcoiling.com/index03e9.html]
[springcoiling.com/index140f.html]
[springcoiling.com/index8681.html]
[springcoiling.com/static/upload/image/20200915/1600166898570815.jpg]
[springcoiling.com/static/upload/image/20200915/1600166898242842.png]
[springcoiling.com/index09b2.html]
[springcoiling.com/static/upload/image/20200915/1600166898747619.png]
[springcoiling.com/static/upload/image/20200915/1600166851199492.jpg]
[springcoiling.com/static/upload/image/20200915/1600166851198408.jpg]
[springcoiling.com/index7395.html]
[springcoiling.com/static/upload/image/20200915/1600166657139065.jpg]
[springcoiling.com/static/upload/image/20200915/1600166668485945.jpg]
[springcoiling.com/indexb2dc.html]
[springcoiling.com/static/upload/image/20200915/1600166668906911.jpg]
[springcoiling.com/static/upload/image/20200915/1600166668837419.jpg]
[springcoiling.com/static/upload/image/20200915/1600166669171689.jpg]
[springcoiling.com/index278b.html]
[springcoiling.com/static/upload/image/20200915/1600166290881178.png]
[springcoiling.com/static/upload/image/20200915/1600166290281432.png]
[springcoiling.com/index071d.html]
[springcoiling.com/static/upload/image/20200915/1600166291565679.png]
[springcoiling.com/static/upload/image/20200915/1600166292727993.png]
[springcoiling.com/static/upload/image/20200915/1600166189189145.jpg]
[springcoiling.com/static/upload/image/20200915/1600166190995748.jpg]
[springcoiling.com/static/upload/image/20200915/1600166190915204.jpg]
[springcoiling.com/static/upload/image/20200915/1600166190175728.jpg]
[springcoiling.com/indexe2b9.html]
[springcoiling.com/static/upload/image/20200915/1600165504473471.jpg]
[springcoiling.com/index0054.html]
[springcoiling.com/static/upload/image/20200915/1600165481137291.jpg]
[springcoiling.com/indexe4ac.html]
[springcoiling.com/static/upload/image/20200915/1600165134608808.png]
[springcoiling.com/indexb091.html]
[springcoiling.com/static/upload/image/20200915/1600165142811926.png]
[springcoiling.com/static/upload/image/20200915/1600165143618969.png]
[springcoiling.com/indexccfa.html]
[springcoiling.com/static/upload/image/20200915/1600165152764321.png]
[springcoiling.com/index3bab.html]
[springcoiling.com/static/upload/image/20200915/1600164639854491.png]
[springcoiling.com/static/upload/image/20200915/1600164646986109.png]
[springcoiling.com/static/upload/image/20200915/1600164506136260.jpg]
[springcoiling.com/static/upload/image/20200915/1600164507178389.jpg]
[springcoiling.com/index0de4.html]
[springcoiling.com/index2724.html]
[springcoiling.com/static/upload/image/20200915/1600164191914961.jpg]
[springcoiling.com/static/upload/image/20200915/1600164111213391.jpg]
[springcoiling.com/static/upload/image/20200915/1600164111619745.jpg]
[springcoiling.com/static/upload/image/20200915/1600164111200362.jpg]
[springcoiling.com/index6b87.html]
[springcoiling.com/index6888.html]
[springcoiling.com/static/upload/image/20200915/1600163495748577.png]
[springcoiling.com/static/upload/image/20200915/1600163505814474.png]
[springcoiling.com/static/upload/image/20200915/1600163505214838.png]
[springcoiling.com/static/upload/image/20200915/1600163505624736.png]
[springcoiling.com/static/upload/image/20200915/1600163506626317.png]
[springcoiling.com/index2d7e.html]
[springcoiling.com/indexea7f.html]
[springcoiling.com/indexa540.html]
[springcoiling.com/static/upload/image/20200915/1600162914466839.png]
[springcoiling.com/static/upload/image/20200915/1600162914579479.png]
[springcoiling.com/static/upload/image/20200915/1600162914728477.png]
[springcoiling.com/static/upload/image/20200915/1600162915564656.png]
[springcoiling.com/static/upload/image/20200915/1600162915234087.png]
[springcoiling.com/static/upload/image/20200915/1600162868202272.jpg]
[springcoiling.com/static/upload/image/20200915/1600162868125202.jpg]
[springcoiling.com/static/upload/image/20200915/1600162868115097.jpg]
[springcoiling.com/static/upload/image/20200915/1600162869128451.jpg]
[springcoiling.com/static/upload/image/20200915/1600162869395246.jpg]
[springcoiling.com/static/upload/image/20200915/1600162869105601.jpg]
[springcoiling.com/index43ca.html]
[springcoiling.com/index6bc4.html]
[springcoiling.com/static/upload/image/20200915/1600162429463995.jpg]
[springcoiling.com/indexdfe4.html]
[springcoiling.com/static/upload/image/20200915/1600162429706646.png]
[springcoiling.com/static/upload/image/20200915/1600162244718321.png]
[springcoiling.com/static/upload/image/20200915/1600162244680185.png]
[springcoiling.com/indexbe08.html]
[springcoiling.com/static/upload/image/20200915/1600162244109017.png]
[springcoiling.com/static/upload/image/20200915/1600162201211650.jpg]
[springcoiling.com/static/upload/image/20200915/1600162201109829.jpg]
[springcoiling.com/static/upload/image/20200915/1600162202119909.jpg]
[springcoiling.com/static/upload/image/20200915/1600162202396251.jpg]
[springcoiling.com/index5e43.html]
[springcoiling.com/static/upload/image/20200915/1600161976294261.png]
[springcoiling.com/indexb503.html]
[springcoiling.com/static/upload/image/20200915/1600161990791950.png]
[springcoiling.com/static/upload/image/20200915/1600161990611567.png]
[springcoiling.com/static/upload/image/20200915/1600161990446223.png]
[springcoiling.com/static/upload/image/20200915/1600162001408133.png]
[springcoiling.com/static/upload/image/20200915/1600161855152680.jpg]
[springcoiling.com/static/upload/image/20200915/1600161855167373.jpg]
[springcoiling.com/static/upload/image/20200915/1600161855201901.jpg]
[springcoiling.com/static/upload/image/20200915/1600161856620145.jpg]
[springcoiling.com/indexe25a.html]
[springcoiling.com/static/upload/image/20200915/1600161856155349.jpg]
[springcoiling.com/static/upload/image/20200915/1600161521183332.png]
[springcoiling.com/static/upload/image/20200915/1600161528644178.png]
[springcoiling.com/indexb51a.html]
[springcoiling.com/static/upload/image/20200915/1600160914627575.jpg]
[springcoiling.com/indexb732.html]
[springcoiling.com/static/upload/image/20200915/1600160674129509.png]
[springcoiling.com/indexff5f.html]
[springcoiling.com/static/upload/image/20200915/1600160674372569.png]
[springcoiling.com/static/upload/image/20200915/1600160675301557.png]
[springcoiling.com/static/upload/image/20200915/1600160675947912.png]
[springcoiling.com/static/upload/image/20200915/1600160676453942.png]
[springcoiling.com/static/upload/image/20200915/1600160488170501.jpg]
[springcoiling.com/static/upload/image/20200915/1600160488203855.jpg]
[springcoiling.com/static/upload/image/20200915/1600160489424919.jpg]
[springcoiling.com/static/upload/image/20200915/1600160489209165.jpg]
[springcoiling.com/static/upload/image/20200915/1600160489149602.jpg]
[springcoiling.com/static/upload/image/20200915/1600160490418739.jpg]
[springcoiling.com/static/upload/image/20200915/1600160490195274.jpg]
[springcoiling.com/index0907.html]
[springcoiling.com/index91cc.html]
[springcoiling.com/static/upload/image/20200915/1600160147290972.jpg]
[springcoiling.com/static/upload/image/20200915/1600160147432131.png]
[springcoiling.com/static/upload/image/20200915/1600160063196044.jpg]
[springcoiling.com/static/upload/image/20200915/1600160063179161.jpg]
[springcoiling.com/index901c.html]
[springcoiling.com/index4764.html]
[springcoiling.com/static/upload/image/20200915/1600159806967683.jpg]
[springcoiling.com/static/upload/image/20200915/1600159813134845.png]
[springcoiling.com/static/upload/image/20200915/1600159753106649.jpg]
[springcoiling.com/index55bc.html]
[springcoiling.com/indexbbab.html]
[springcoiling.com/indexdb5d.html]
[springcoiling.com/static/upload/image/20200915/1600159579656202.png]
[springcoiling.com/static/upload/image/20200915/1600159588951869.png]
[springcoiling.com/static/upload/image/20200915/1600159524922579.jpg]
[springcoiling.com/static/upload/image/20200915/1600159524167767.jpg]
[springcoiling.com/static/upload/image/20200915/1600159524109268.jpg]
[springcoiling.com/static/upload/image/20200915/1600159524110539.jpg]
[springcoiling.com/index76ec.html]
[springcoiling.com/index470a.html]
[springcoiling.com/static/upload/image/20200915/1600159294295807.jpg]
[springcoiling.com/static/upload/image/20200915/1600159294395340.png]
[springcoiling.com/index2055.html]
[springcoiling.com/static/upload/image/20200915/1600159194983165.jpg]
[springcoiling.com/static/upload/image/20200915/1600158984671022.png]
[springcoiling.com/static/upload/image/20200915/1600158990219484.png]
[springcoiling.com/index4b96.html]
[springcoiling.com/static/upload/image/20200915/1600158882401957.jpg]
[springcoiling.com/static/upload/image/20200915/1600158882598498.jpg]
[springcoiling.com/index617a.html]
[springcoiling.com/indexc7f1.html]
[springcoiling.com/static/upload/image/20200915/1600158745298048.jpg]
[springcoiling.com/static/upload/image/20200915/1600158754641560.png]
[springcoiling.com/static/upload/image/20200915/1600158762790254.png]
[springcoiling.com/indexe71b.html]
[springcoiling.com/index8cd1.html]
[springcoiling.com/static/upload/image/20200915/1600158353876114.jpg]
[springcoiling.com/index0b34.html]
[springcoiling.com/static/upload/image/20200915/1600158030283462.png]
[springcoiling.com/index6869.html]
[springcoiling.com/static/upload/image/20200915/1600158039691264.png]
[springcoiling.com/static/upload/image/20200915/1600158048591413.png]
[springcoiling.com/static/upload/image/20200915/1600158063615907.png]
[springcoiling.com/static/upload/image/20200915/1600158071212911.png]
[springcoiling.com/static/upload/image/20200915/1600157929436165.jpg]
[springcoiling.com/static/upload/image/20200915/1600157929142332.jpg]
[springcoiling.com/static/upload/image/20200915/1600157929861904.jpg]
[springcoiling.com/static/upload/image/20200915/1600157930122618.jpg]
[springcoiling.com/index1264.html]
[springcoiling.com/index3e80.html]
[springcoiling.com/static/upload/image/20200915/1600157431585953.jpg]
[springcoiling.com/static/upload/image/20200915/1600157146175240.jpg]
[springcoiling.com/static/upload/image/20200915/1600157147165248.jpg]
[springcoiling.com/index6eb3.html]
[springcoiling.com/index05b4.html]
[springcoiling.com/static/upload/image/20200915/1600156965449575.jpg]
[springcoiling.com/static/upload/image/20200915/1600156965332402.png]
[springcoiling.com/static/upload/image/20200915/1600156966807304.png]
[springcoiling.com/static/upload/image/20200915/1600156805186870.jpg]
[springcoiling.com/static/upload/image/20200915/1600156807114992.jpg]
[springcoiling.com/static/upload/image/20200915/1600156808554112.jpg]
[springcoiling.com/static/upload/image/20200915/1600156808729920.jpg]
[springcoiling.com/static/upload/image/20200915/1600156809208585.jpg]
[springcoiling.com/indexdfe8.html]
[springcoiling.com/index6937.html]
[springcoiling.com/index8288.html]
[springcoiling.com/static/upload/image/20200915/1600156475145528.jpg]
[springcoiling.com/static/upload/image/20200915/1600156482927314.jpg]
[springcoiling.com/static/upload/image/20200915/1600156428206506.jpg]
[springcoiling.com/static/upload/image/20200915/1600156433995438.jpg]
[springcoiling.com/index5cb9.html]
[springcoiling.com/static/upload/image/20200915/1600156206292282.jpg]
[springcoiling.com/index99a5.html]
[springcoiling.com/static/upload/image/20200915/1600156207415730.jpg]
[springcoiling.com/static/upload/image/20200915/1600156207673258.jpg]
[springcoiling.com/static/upload/image/20200915/1600156145185189.jpg]
[springcoiling.com/static/upload/image/20200915/1600156154176047.jpg]
[springcoiling.com/indexb275.html]
[springcoiling.com/index374b.html]
[springcoiling.com/static/upload/image/20200915/1600156004118897.jpg]
[springcoiling.com/static/upload/image/20200915/1600156010248003.jpg]
[springcoiling.com/static/upload/image/20200915/1600155962567488.jpg]
[springcoiling.com/static/upload/image/20200915/1600155968177378.jpg]
[springcoiling.com/index3b7d.html]
[springcoiling.com/index0558.html]
[springcoiling.com/static/upload/image/20200915/1600155721881928.jpg]
[springcoiling.com/static/upload/image/20200915/1600155721578504.jpg]
[springcoiling.com/static/upload/image/20200915/1600155456460685.jpg]
[springcoiling.com/indexe447.html]
[springcoiling.com/index170a.html]
[springcoiling.com/indexe6d9.html]
[springcoiling.com/spring-coiling-machine/index.html]
[springcoiling.com/spring-coiling-machine/CSM-6100CNC-Compression-Spring-Coiling-Machine.html]
[springcoiling.com/index6929.html]
[springcoiling.com/index1252.html]
[springcoiling.com/index015b.html]
[springcoiling.com/index6e29.html]
[springcoiling.com/indexb816.html]
[springcoiling.com/index6065.html]
[springcoiling.com/index7be8.html]
[springcoiling.com/indexdc9a.html]
[springcoiling.com/index6153.html]
[springcoiling.com/index8003.html]
[springcoiling.com/index6062.html]
[springcoiling.com/indexa751.html]
[springcoiling.com/index1608.html]
[springcoiling.com/index97a8.html]
[springcoiling.com/indexef3c.html]
[springcoiling.com/indexc854.html]
[springcoiling.com/product/CSM-550CNC_compression_Spring_coiling_Machine.html]
[springcoiling.com/index2126.html]
[springcoiling.com/index0230.html]
[springcoiling.com/index244d.html]
[springcoiling.com/indexfc4a.html]
[springcoiling.com/static/upload/image/20200916/1600219779178620.jpg]
[springcoiling.com/indexc66b.html]
[springcoiling.com/static/upload/image/20200916/1600219782728336.jpg]
[springcoiling.com/static/upload/image/20200916/1600219445160886.jpg]
[springcoiling.com/index7500.html]
[springcoiling.com/static/upload/image/20200916/1600219461146021.jpg]
[springcoiling.com/index7d8e.html]
[springcoiling.com/indexc839.html]
[springcoiling.com/index5006.html]
[springcoiling.com/index7fc7.html]
[springcoiling.com/indexc980.html]
[springcoiling.com/indexe364.html]
[springcoiling.com/index81ec.html]
[springcoiling.com/indexd3a8.html]
[springcoiling.com/index3fc5.html]
[springcoiling.com/indexc0d9.html]
[springcoiling.com/index577f.html]
[springcoiling.com/Compression-spring-machine.html]
[springcoiling.com/index66fe.html]
[springcoiling.com/index2805.html]
[springcoiling.com/Compression-spring-machine/CSM-6100CNC-Compression-Spring-Coiling-Machine.html]
[springcoiling.com/Compression-spring-machine/CSM-6160CNC-compression-Spring-coiling-Machine.html]
[springcoiling.com/index3553.html]
[springcoiling.com/static/upload/image/20200916/1600230753267299.png]
[springcoiling.com/indexddf1.html]
[springcoiling.com/static/upload/image/20200916/1600230059825278.jpg]
[springcoiling.com/index52cd.html]
[springcoiling.com/index4d17.html]
[springcoiling.com/index568a.html]
[springcoiling.com/index1e57.html]
[springcoiling.com/index4a76.html]
[springcoiling.com/index2cf8.html]
[springcoiling.com/indexff55.html]
[springcoiling.com/index95b6.html]
[springcoiling.com/indexc321.html]
[springcoiling.com/index14e6.html]
[springcoiling.com/static/upload/image/20200916/1600231796477022.jpg]
[springcoiling.com/indexf175.html]
[springcoiling.com/index5555.html]
[springcoiling.com/index1308.html]
[springcoiling.com/index1ed4.html]
[springcoiling.com/static/upload/image/20200916/1600229426400989.jpg]
[springcoiling.com/index7174.html]
[springcoiling.com/index00e4.html]
[springcoiling.com/static/upload/image/20200916/1600229104546705.jpg]
[springcoiling.com/static/upload/image/20200916/1600228279884795.jpg]
[springcoiling.com/index4350.html]
[springcoiling.com/static/upload/image/20200916/1600228143963903.jpg]
[springcoiling.com/index913b.html]
[springcoiling.com/index64e9.html]
[springcoiling.com/indexf788.html]
[springcoiling.com/static/upload/image/20200916/1600227960885346.jpg]
[springcoiling.com/indexd9c3.html]
[springcoiling.com/index4cf6.html]
[springcoiling.com/indexfcb7.html]
[springcoiling.com/indexe1c0.html]
[springcoiling.com/index7991.html]
[springcoiling.com/index4e3d.html]
[springcoiling.com/index4ef7.html]
[springcoiling.com/index708c.html]
[springcoiling.com/indexbf61.html]
[springcoiling.com/index32d0.html]
[springcoiling.com/index8494.html]
[springcoiling.com/indexe23d.html]
[springcoiling.com/spring-coiling-machine.html]
[springcoiling.com/index5a2b.html]
[springcoiling.com/Spring-treatment-equiments/index.20d.delayed]
[springcoiling.com/Spring-treatment-equiments/Continuoustemperingfurnace.html]
[springcoiling.com/Spring-treatment-equiments/136.html]
[springcoiling.com/indexeed8.html]
[springcoiling.com/index44b3.html]
[springcoiling.com/index0bc4.html]
[springcoiling.com/indexffbd.html]
[springcoiling.com/indexaed4.html]
[springcoiling.com/index4f89.html]
[springcoiling.com/indexfb39.html]
[springcoiling.com/indexe3f1.html]
[springcoiling.com/index16e5.html]
[springcoiling.com/product/CSM-6100CNC_Compression_Spring_Coiling_Machine.html]
[springcoiling.com/product/CSM-5120MCNC_compression_mold_Spring_coiling_Machine.html]
[springcoiling.com/product/CSM-5100CNC_compression_Spring_coiling_Machine.html]
[springcoiling.com/indexba85.html]
[springcoiling.com/index3f56.html]
[springcoiling.com/index37a5.html]
[springcoiling.com/index06ff.html]
[springcoiling.com/indexf901.html]
[springcoiling.com/index8d2f.html]
[springcoiling.com/indexf69a.html]
[springcoiling.com/index4e2e.html]
[springcoiling.com/index98af.html]
[springcoiling.com/indexe9eb.html]
[springcoiling.com/index58b1.html]
[springcoiling.com/static/upload/image/20200916/1600231249146513.png]
[springcoiling.com/indexdfd4.html]
[springcoiling.com/index596a.html]
[springcoiling.com/indexe290.html]
[springcoiling.com/static/upload/image/20200916/1600231252749422.jpg]
[springcoiling.com/index21f4.html]
[springcoiling.com/static/upload/image/20200916/1600227746186761.jpg]
[springcoiling.com/static/upload/image/20200916/1600226028658553.jpg]
[springcoiling.com/index0b29.html]
[springcoiling.com/index6810.html]
[springcoiling.com/indexb694.html]
[springcoiling.com/indexcd3b.html]
[springcoiling.com/index79dd.html]
[springcoiling.com/index1b7a.html]
[springcoiling.com/indexd3a9.html]
[springcoiling.com/index8c69.html]
[springcoiling.com/index97db.html]
[springcoiling.com/indexe3d2.html]
[springcoiling.com/index1999.html]
[springcoiling.com/index6be7.html]
[springcoiling.com/index5fa1.html]
[springcoiling.com/index856b.html]
[springcoiling.com/index1b97.html]
[springcoiling.com/index3cff.html]
[springcoiling.com/index4e18.html]
[springcoiling.com/indexbd9d.html]
[springcoiling.com/index83e0.html]
[springcoiling.com/indexc766.html]
[springcoiling.com/indexca1d.html]
[springcoiling.com/indexbc6b.html]
[springcoiling.com/index1bd7.html]
[springcoiling.com/index16f2.html]
[springcoiling.com/index1a93.html]
[springcoiling.com/index1aa8.html]
[springcoiling.com/index4197.html]
[springcoiling.com/index4c70.html]
[springcoiling.com/index12bf.html]
[springcoiling.com/index09b2.html]
[springcoiling.com/indexe4c9.html]
[springcoiling.com/indexb2dc.html]
[springcoiling.com/index2094.html]
[springcoiling.com/index071d.html]
[springcoiling.com/index71d6.html]
[springcoiling.com/index0054.html]
[springcoiling.com/index868f.html]
[springcoiling.com/indexb091.html]
[springcoiling.com/indexa8a8.html]
[springcoiling.com/index3bab.html]
[springcoiling.com/index91f3.html]
[springcoiling.com/index2724.html]
[springcoiling.com/indexef02.html]
[springcoiling.com/index6888.html]
[springcoiling.com/index483d.html]
[springcoiling.com/indexa540.html]
[springcoiling.com/indexe329.html]
[springcoiling.com/index6bc4.html]
[springcoiling.com/indexbce3.html]
[springcoiling.com/indexbe08.html]
[springcoiling.com/indexfe99.html]
[springcoiling.com/indexb503.html]
[springcoiling.com/index8642.html]
[springcoiling.com/indexb51a.html]
[springcoiling.com/index8a75.html]
[springcoiling.com/indexff5f.html]
[springcoiling.com/indexd598.html]
[springcoiling.com/index91cc.html]
[springcoiling.com/index1df0.html]
[springcoiling.com/index4764.html]
[springcoiling.com/indexe048.html]
[springcoiling.com/indexdb5d.html]
[springcoiling.com/indexd5f3.html]
[springcoiling.com/index470a.html]
[springcoiling.com/index5faf.html]
[springcoiling.com/index4b96.html]
[springcoiling.com/indexa16c.html]
[springcoiling.com/indexc7f1.html]
[springcoiling.com/indexe1db.html]
[springcoiling.com/index8cd1.html]
[springcoiling.com/index9945.html]
[springcoiling.com/index6869.html]
[springcoiling.com/indexb43e.html]
[springcoiling.com/index3e80.html]
[springcoiling.com/indexcbaf.html]
[springcoiling.com/index05b4.html]
[springcoiling.com/index693c.html]
[springcoiling.com/index8288.html]
[springcoiling.com/index57d8.html]
[springcoiling.com/index99a5.html]
[springcoiling.com/index20d7.html]
[springcoiling.com/index374b.html]
[springcoiling.com/indexdca3.html]
[springcoiling.com/index0558.html]
[springcoiling.com/indexd31f.html]
[springcoiling.com/indexe6d9.html]
[springcoiling.com/spring-coiling-machine/index.html]
[springcoiling.com/indexef3e.html]
[springcoiling.com/product/CSM-550CNC_compression_Spring_coiling_Machine.html]
[springcoiling.com/index4df7.html]
[springcoiling.com/index244d.html]
[springcoiling.com/index551d.html]
[springcoiling.com/indexfc4a.html]
[springcoiling.com/indexf82c.html]
[springcoiling.com/index7500.html]
[springcoiling.com/index4923.html]
[springcoiling.com/index577f.html]
[springcoiling.com/Compression-spring-machine.html]
[springcoiling.com/index24c4.html]
[springcoiling.com/index2805.html]
[springcoiling.com/Compression-spring-machine/CSM-6100CNC-Compression-Spring-Coiling-Machine.html]
[springcoiling.com/Compression-spring-machine/CSM-6160CNC-compression-Spring-coiling-Machine.html]
[springcoiling.com/indexd578.html]
[springcoiling.com/indexddf1.html]
[springcoiling.com/indexa4a0.html]
[springcoiling.com/index718e.html]
[springcoiling.com/static/upload/image/20200916/1600230506599698.png]
[springcoiling.com/index568a.html]
[springcoiling.com/index4d17.html]
[springcoiling.com/index96ae.html]
[springcoiling.com/static/upload/image/20200916/1600225705685707.png]
[springcoiling.com/index56fc.html]
[springcoiling.com/index6faa.html]
[springcoiling.com/index1eb1.html]
[springcoiling.com/static/upload/image/20200916/1600225555191846.png]
[springcoiling.com/index2cf8.html]
[springcoiling.com/static/upload/image/20200916/1600224274182994.jpg]
[springcoiling.com/index1ed4-2.html]
[springcoiling.com/indexbffb.html]
[springcoiling.com/index32aa.html]
[springcoiling.com/indexbd79.html]
[springcoiling.com/indexc321.html]
[springcoiling.com/index8b69.html]
[springcoiling.com/index14e6.html]
[springcoiling.com/index208a.html]
[springcoiling.com/index1308.html]
[springcoiling.com/indexd549.html]
[springcoiling.com/index1ed4.html]
[springcoiling.com/indexa82b.html]
[springcoiling.com/index00e4.html]
[springcoiling.com/product/Vibrating_screen_spring_Vibration_absorber_Spring_for_Using_on_Mining_Machine.217.delayed]
[springcoiling.com/product/CSM-6160CNC_compression_Spring_coiling_Machine.html]
[springcoiling.com/index7174.html]
[springcoiling.com/index4627.html]
[springcoiling.com/product/Baificar_Brand_New_Genuine_1_Pcs_Shock_Absorber_Spring_3C0_109_857_For_VW_Passat_B5_Touran_Tiguan_Lavida_polo.219.delayed]
[springcoiling.com/static/upload/image/20200916/1600229086673943.jpg]
[springcoiling.com/static/upload/image/20200916/1600229088115243.jpg]
[springcoiling.com/index4350.html]
[springcoiling.com/product/Suspension_Coil_Spring_Front_Rear_Axle_.html]
[springcoiling.com/indexa5ae.html]
[springcoiling.com/static/upload/image/20200916/1600228269855784.jpg]
[springcoiling.com/static/upload/image/20200916/1600228271211387.png]
[springcoiling.com/index64e9.html]
[springcoiling.com/index913b.html]
[springcoiling.com/indexbdd0.html]
[springcoiling.com/product/Racing_engines_valve_spring.html]
[springcoiling.com/indexf788.html]
[springcoiling.com/indexa292.html]
[springcoiling.com/indexc64f.html]
[springcoiling.com/static/upload/image/20200916/1600223456207402.jpg]
[springcoiling.com/static/upload/image/20200916/1600222842889547.jpg]
[springcoiling.com/index9d81.html]
[springcoiling.com/index2cd9.html]
[springcoiling.com/static/upload/image/20200916/1600220160778648.jpg]
[springcoiling.com/static/upload/image/20200916/1600219175472456.jpg]
[springcoiling.com/index4025.html]
[springcoiling.com/static/upload/image/20200915/1600170168604430.png]
[springcoiling.com/index7f54.html]
[springcoiling.com/index5a2b.html]
[springcoiling.com/index882d.html]
[springcoiling.com/Spring-treatment-equiments/index.html]
[springcoiling.com/index5046.html]
[springcoiling.com/index00bd.html]
[springcoiling.com/indexe3f1.html]
[springcoiling.com/index964c.html]
[springcoiling.com/indexb6f0.html]
[springcoiling.com/index007c.html]
[springcoiling.com/indexdfd4.html]
[springcoiling.com/indexe2c8.html]
[springcoiling.com/index21f4.html]
[springcoiling.com/indexa4c0.html]
[springcoiling.com/index718e.html]
[springcoiling.com/index9336.html]
[springcoiling.com/static/upload/image/20200916/1600226860600672.jpg]
[springcoiling.com/static/upload/image/20200916/1600226864131958.jpg]
[springcoiling.com/index6810.html]
[springcoiling.com/static/upload/image/20200916/1600226614586728.jpg]
[springcoiling.com/index1852.html]
[springcoiling.com/static/upload/image/20200916/1600226657190684.jpg]
[springcoiling.com/indexa4a0.html]
[springcoiling.com/indexb694.html]
[springcoiling.com/index662f.html]
[springcoiling.com/index63d6.html]
[springcoiling.com/index96ae.html]
[springcoiling.com/index640b.html]
[springcoiling.com/index56fc.html]
[springcoiling.com/indexd564.html]
[springcoiling.com/product/10pcs_304_stainless_pressure_spring_short_compression_spring_Wire_diameter_0.8__outside_diameter_13__length_10-50.html]
[springcoiling.com/index1eb1.html]
[springcoiling.com/index6faa.html]
[springcoiling.com/index7653.html]
[springcoiling.com/index7795.html]
[springcoiling.com/index1ed4-2.html]
[springcoiling.com/static/upload/image/20200916/1600224129188809.jpg]
[springcoiling.com/index9cb9.html]
[springcoiling.com/static/upload/image/20200915/1600170045585023.png]
[springcoiling.com/index191e.html]
[springcoiling.com/static/upload/image/20200915/1600169861183761.png]
[springcoiling.com/index32aa.html]
[springcoiling.com/index6a65.html]
[springcoiling.com/index3452.html]
[springcoiling.com/product/Vibrating_screen_spring_Vibration_absorber_Spring_for_Using_on_Mining_Machine.html]
[springcoiling.com/product/CSM-6160CNC_compression_Spring_coiling_Machine.html]
[springcoiling.com/index7767.html]
[springcoiling.com/index4627.html]
[springcoiling.com/product/Baificar_Brand_New_Genuine_1_Pcs_Shock_Absorber_Spring_3C0_109_857_For_VW_Passat_B5_Touran_Tiguan_Lavida_polo.html]
[springcoiling.com/index1064.html]
[springcoiling.com/indexa5ae.html]
[springcoiling.com/product/Suspension_Coil_Spring_Front_Rear_Axle_.html]
[springcoiling.com/index7584.html]
[springcoiling.com/indexbdd0.html]
[springcoiling.com/index2a0c.html]
[springcoiling.com/indexa292.html]
[springcoiling.com/product/Racing_engines_valve_spring.html]
[springcoiling.com/index416e.html]
[springcoiling.com/indexc64f.html]
[springcoiling.com/index9d81.html]
[springcoiling.com/index2cd9.html]
[springcoiling.com/index8efc.html]
[springcoiling.com/machine_product.22e.delayed]
[springcoiling.com/index8474.html]
[springcoiling.com/static/upload/image/20200916/1600220115149474.jpg]
[springcoiling.com/static/upload/image/20200916/1600220119163337.jpg]
[springcoiling.com/index4025.html]
[springcoiling.com/indexcd35.html]
[springcoiling.com/static/upload/image/20200916/1600219119148815.jpg]
[springcoiling.com/static/upload/image/20200916/1600219125121691.jpg]
[springcoiling.com/index7f54.html]
[springcoiling.com/indexe114.html]
[springcoiling.com/static/upload/image/20200915/1600170190159679.png]
[springcoiling.com/index964c.html]
[springcoiling.com/static/upload/image/20200915/1600170199789664.jpg]
[springcoiling.com/index53c4.html]
[springcoiling.com/index9336.html]
[springcoiling.com/index55c4.html]
[springcoiling.com/index0d3b.html]
[springcoiling.com/index1852.html]
[springcoiling.com/index6ee5.html]
[springcoiling.com/indexd564.html]
[springcoiling.com/index41ce.html]
[springcoiling.com/product/10pcs_304_stainless_pressure_spring_short_compression_spring_Wire_diameter_0.8__outside_diameter_13__length_10-50.html]
[springcoiling.com/indexfb5e.html]
[springcoiling.com/index7653.html]
[springcoiling.com/index3635.html]
[springcoiling.com/index7795.html]
[springcoiling.com/indexd2e9.html]
[springcoiling.com/index191e.html]
[springcoiling.com/index9cb9.html]
[springcoiling.com/indexdaba.html]
[springcoiling.com/static/upload/image/20200915/1600169777273972.png]
[springcoiling.com/indexc210.html]
[springcoiling.com/index6a65.html]
[springcoiling.com/static/upload/image/20200915/1600169792152538.png]
[springcoiling.com/index4ec8.html]
[springcoiling.com/index1791.html]
[springcoiling.com/index8efc.html]
[springcoiling.com/index995a.html]
[springcoiling.com/index8474.html]
[springcoiling.com/machine_product.html]
[springcoiling.com/indexc6b2.html]
[springcoiling.com/indexcd35.html]
[springcoiling.com/index6b07.html]
[springcoiling.com/indexe114.html]
[springcoiling.com/index1bc4.html]
[springcoiling.com/indexdaba.html]
[springcoiling.com/indexc685.html]
[springcoiling.com/index328d.html]
[springcoiling.com/indexc210.html]
[springcoiling.com/index566b.html]
[springcoiling.com/index989b.html]
[springcoiling.com/index989b.html]
